
> nukedata@0.1.0 build
> next build

▲ Next.js 16.3.3 (Turbopack)
⚠ Warning: Next.js ignored package-lock.json in C:\Users\garudaku because it is outside the current Git repository (C:\Users\garudaku\Projects\next\nukedata).
 To use this directory, set `turbopack.root` in your Next.js config.

✓ Running next.config.ts took 51ms
⨯ Another next build process is already running.

  This could be:
  - A next build still in progress
  - A previous build that didn't exit cleanly

  Suggestion: Wait for the build to complete.
